Неунікальних назв не знайдено.
