2026-08-10 21:50:49.632 | INFO     | __main__:cmd_scan:105 - До перевірки зображень: 18783 (уже в базі: 36)
2026-08-10 21:51:32.878 | INFO     | __main__:cmd_scan:119 -   300/18783
2026-08-10 21:52:15.751 | INFO     | __main__:cmd_scan:119 -   600/18783
2026-08-10 21:52:58.051 | INFO     | __main__:cmd_scan:119 -   900/18783
2026-08-10 21:53:39.211 | INFO     | __main__:cmd_scan:119 -   1200/18783
2026-08-10 21:54:20.052 | INFO     | __main__:cmd_scan:119 -   1500/18783
2026-08-10 21:55:00.828 | INFO     | __main__:cmd_scan:119 -   1800/18783
2026-08-10 21:55:41.495 | INFO     | __main__:cmd_scan:119 -   2100/18783
2026-08-10 21:56:24.778 | INFO     | __main__:cmd_scan:119 -   2400/18783
2026-08-10 21:57:05.702 | INFO     | __main__:cmd_scan:119 -   2700/18783
2026-08-10 21:57:55.538 | INFO     | __main__:cmd_scan:119 -   3000/18783
2026-08-10 21:58:51.464 | INFO     | __main__:cmd_scan:119 -   3300/18783
2026-08-10 21:59:34.787 | INFO     | __main__:cmd_scan:119 -   3600/18783
2026-08-10 22:00:15.162 | INFO     | __main__:cmd_scan:119 -   3900/18783
2026-08-10 22:00:54.979 | INFO     | __main__:cmd_scan:119 -   4200/18783
2026-08-10 22:01:36.963 | INFO     | __main__:cmd_scan:119 -   4500/18783
2026-08-10 22:02:23.767 | INFO     | __main__:cmd_scan:119 -   4800/18783
2026-08-10 22:03:12.267 | INFO     | __main__:cmd_scan:119 -   5100/18783
2026-08-10 22:03:55.876 | INFO     | __main__:cmd_scan:119 -   5400/18783
2026-08-10 22:04:38.393 | INFO     | __main__:cmd_scan:119 -   5700/18783
2026-08-10 22:05:19.552 | INFO     | __main__:cmd_scan:119 -   6000/18783
2026-08-10 22:06:07.219 | INFO     | __main__:cmd_scan:119 -   6300/18783
2026-08-10 22:06:50.636 | INFO     | __main__:cmd_scan:119 -   6600/18783
2026-08-10 22:07:34.573 | INFO     | __main__:cmd_scan:119 -   6900/18783
2026-08-10 22:08:22.683 | INFO     | __main__:cmd_scan:119 -   7200/18783
2026-08-10 22:09:04.749 | INFO     | __main__:cmd_scan:119 -   7500/18783
2026-08-10 22:09:50.100 | INFO     | __main__:cmd_scan:119 -   7800/18783
2026-08-10 22:10:31.043 | INFO     | __main__:cmd_scan:119 -   8100/18783
2026-08-10 22:11:15.226 | INFO     | __main__:cmd_scan:119 -   8400/18783
2026-08-10 22:12:00.010 | INFO     | __main__:cmd_scan:119 -   8700/18783
2026-08-10 22:12:45.071 | INFO     | __main__:cmd_scan:119 -   9000/18783
2026-08-10 22:13:25.739 | INFO     | __main__:cmd_scan:119 -   9300/18783
2026-08-10 22:14:10.759 | INFO     | __main__:cmd_scan:119 -   9600/18783
2026-08-10 22:14:52.968 | INFO     | __main__:cmd_scan:119 -   9900/18783
2026-08-10 22:15:36.351 | INFO     | __main__:cmd_scan:119 -   10200/18783
2026-08-10 22:16:18.985 | INFO     | __main__:cmd_scan:119 -   10500/18783
2026-08-10 22:17:00.914 | INFO     | __main__:cmd_scan:119 -   10800/18783
2026-08-10 22:17:42.215 | INFO     | __main__:cmd_scan:119 -   11100/18783
2026-08-10 22:18:26.799 | INFO     | __main__:cmd_scan:119 -   11400/18783
2026-08-10 22:19:09.816 | INFO     | __main__:cmd_scan:119 -   11700/18783
2026-08-10 22:19:53.600 | INFO     | __main__:cmd_scan:119 -   12000/18783
2026-08-10 22:20:39.176 | INFO     | __main__:cmd_scan:119 -   12300/18783
2026-08-10 22:21:22.802 | INFO     | __main__:cmd_scan:119 -   12600/18783
2026-08-10 22:22:05.159 | INFO     | __main__:cmd_scan:119 -   12900/18783
2026-08-10 22:22:47.244 | INFO     | __main__:cmd_scan:119 -   13200/18783
2026-08-10 22:23:30.354 | INFO     | __main__:cmd_scan:119 -   13500/18783
2026-08-10 22:24:14.312 | INFO     | __main__:cmd_scan:119 -   13800/18783
2026-08-10 22:24:57.272 | INFO     | __main__:cmd_scan:119 -   14100/18783
2026-08-10 22:25:40.231 | INFO     | __main__:cmd_scan:119 -   14400/18783
2026-08-10 22:26:23.232 | INFO     | __main__:cmd_scan:119 -   14700/18783
2026-08-10 22:27:07.308 | INFO     | __main__:cmd_scan:119 -   15000/18783
2026-08-10 22:27:49.987 | INFO     | __main__:cmd_scan:119 -   15300/18783
2026-08-10 22:28:34.661 | INFO     | __main__:cmd_scan:119 -   15600/18783
2026-08-10 22:29:18.069 | INFO     | __main__:cmd_scan:119 -   15900/18783
2026-08-10 22:30:01.494 | INFO     | __main__:cmd_scan:119 -   16200/18783
2026-08-10 22:30:45.095 | INFO     | __main__:cmd_scan:119 -   16500/18783
2026-08-10 22:31:28.003 | INFO     | __main__:cmd_scan:119 -   16800/18783
2026-08-10 22:32:12.022 | INFO     | __main__:cmd_scan:119 -   17100/18783
2026-08-10 22:32:54.964 | INFO     | __main__:cmd_scan:119 -   17400/18783
2026-08-10 22:33:40.780 | INFO     | __main__:cmd_scan:119 -   17700/18783
2026-08-10 22:34:24.814 | INFO     | __main__:cmd_scan:119 -   18000/18783
2026-08-10 22:35:05.880 | INFO     | __main__:cmd_scan:119 -   18300/18783
2026-08-10 22:35:47.922 | INFO     | __main__:cmd_scan:119 -   18600/18783
2026-08-10 22:36:14.006 | SUCCESS  | __main__:cmd_scan:122 - Оброблено 18783 зображень
══ АУДИТ ФОТОГРАФІЙ ══
   карток перевірено      : 3731
   зображень із помилкою  : 6

   п.4 картки з майже однаковими кадрами: 217  (пар: 249)
      EL11804    фото 1≈2 (d=6)
      EL11805    фото 1≈2 (d=6)
      EL11806    фото 1≈2 (d=6)
      EL12001    фото 2≈4 (d=6)
      EL12002    фото 2≈4 (d=6)
      EL12003    фото 2≈4 (d=4)
      EL12101    фото 1≈3 (d=6)
      EL12102    фото 1≈3 (d=6)
      EL12103    фото 1≈3 (d=6)
      EL12601    фото 1≈2 (d=2)

   п.7 перше фото з іншими пропорціями: 184
      SO1899     перше 0.67 проти решти 1.0
      SO1901     перше 0.67 проти решти 1.0
      SO1904     перше 0.67 проти решти 1.0
      SO2365     перше 1.33 проти решти 1.0
      SO3485     перше 0.8 проти решти 1.33
      SO3712     перше 0.67 проти решти 1.0
      SO3903     перше 0.8 проти решти 1.33
      SO3904     перше 0.8 проти решти 1.33
      SO3905     перше 0.8 проти решти 1.33
      SO3912     перше 0.8 проти решти 1.33
